13:51:13 **** Incremental Build of configuration Debug for project LCDisplay ****
make -j7 all 
arm-none-eabi-gcc "../Core/Src/main.c" -mcpu=cortex-m4 -std=gnu11 -g3 -DDEBUG -DUSE_HAL_DRIVER -DSTM32F401xE -c -I../Core/Inc -I../Drivers/STM32F4xx_HAL_Driver/Inc -I../Drivers/STM32F4xx_HAL_Driver/Inc/Legacy -I../Drivers/CMSIS/Device/ST/STM32F4xx/Include -I../Drivers/CMSIS/Include -O0 -ffunction-sections -fdata-sections -Wall -fstack-usage -MMD -MP -MF"Core/Src/main.d" -MT"Core/Src/main.o" --specs=nano.specs -mfpu=fpv4-sp-d16 -mfloat-abi=hard -mthumb -o "Core/Src/main.o"
arm-none-eabi-gcc -o "LCDisplay.elf" @"objects.list"   -mcpu=cortex-m4 -T"/Users/yangli/STM32CubeIDE/LCD/LCDisplay/STM32F401RETX_FLASH.ld" --specs=nosys.specs -Wl,-Map="LCDisplay.map" -Wl,--gc-sections -static --specs=nano.specs -mfpu=fpv4-sp-d16 -mfloat-abi=hard -mthumb -Wl,--start-group -lc -lm -Wl,--end-group
Finished building target: LCDisplay.elf
 
arm-none-eabi-size   LCDisplay.elf 
arm-none-eabi-objdump -h -S  LCDisplay.elf  > "LCDisplay.list"
   text	   data	    bss	    dec	    hex	filename
   8936	     20	   1644	  10600	   2968	LCDisplay.elf
Finished building: default.size.stdout
 
Finished building: LCDisplay.list
 

13:51:14 Build Finished. 0 errors, 0 warnings. (took 618ms)

